// Jest Snapshot v1, https://goo.gl/fbAQLP

exports[`App hides Hello World button after its been pressed and renders content 1`] = `
ShallowWrapper {
  Symbol(enzyme.__root__): [Circular],
  Symbol(enzyme.__unrendered__): <App />,
  Symbol(enzyme.__renderer__): Object {
    "batchedUpdates": [Function],
    "getNode": [Function],
    "render": [Function],
    "simulateError": [Function],
    "simulateEvent": [Function],
    "unmount": [Function],
  },
  Symbol(enzyme.__node__): Object {
    "instance": null,
    "key": undefined,
    "nodeType": "class",
    "props": Object {
      "children": <KeyboardAvoidingView
        behavior="position"
        enabled={true}
        keyboardVerticalOffset={20}
        style={
          Object {
            "alignItems": "center",
            "justifyContent": "center",
          }
        }
      >
        <Component
          style={
            Object {
              "alignItems": "center",
              "justifyContent": "center",
            }
          }
        >
          <TouchableOpacity
            activeOpacity={0.2}
            onPress={[Function]}
          >
            <Component
              source={
                Object {
                  "uri": "https://encrypted-tbn0.gstatic.com/images?q=tbn:ANd9GcTvcR7jOw6QgU4xl7JJwTULxSZoFQ4Qj3GkDX01eQZ72ATmmO1K",
                }
              }
              style={
                Object {
                  "height": 487.5,
                  "width": 487.5,
                }
              }
            />
          </TouchableOpacity>
          <Component
            style={
              Object {
                "flexWrap": "wrap",
                "fontSize": 20,
                "marginVertical": 10,
              }
            }
          >
            abc
          </Component>
          <Component>
            (100.000, -50.000)
          </Component>
        </Component>
        <TextInput
          allowFontScaling={true}
          maxLength={100}
          onChangeText={[Function]}
          onSubmitEditing={[Function]}
          style={
            Object {
              "alignSelf": "center",
              "borderWidth": 0.5,
              "marginTop": 15,
              "width": 562.5,
            }
          }
          underlineColorAndroid="transparent"
          value=""
        />
      </KeyboardAvoidingView>,
      "style": Array [
        Object {
          "backgroundColor": "#F5FCFF",
          "flex": 1,
        },
        Object {
          "alignItems": "center",
          "justifyContent": "center",
        },
      ],
    },
    "ref": null,
    "rendered": Object {
      "instance": null,
      "key": undefined,
      "nodeType": "class",
      "props": Object {
        "behavior": "position",
        "children": Array [
          <Component
            style={
              Object {
                "alignItems": "center",
                "justifyContent": "center",
              }
            }
          >
            <TouchableOpacity
              activeOpacity={0.2}
              onPress={[Function]}
            >
              <Component
                source={
                  Object {
                    "uri": "https://encrypted-tbn0.gstatic.com/images?q=tbn:ANd9GcTvcR7jOw6QgU4xl7JJwTULxSZoFQ4Qj3GkDX01eQZ72ATmmO1K",
                  }
                }
                style={
                  Object {
                    "height": 487.5,
                    "width": 487.5,
                  }
                }
              />
            </TouchableOpacity>
            <Component
              style={
                Object {
                  "flexWrap": "wrap",
                  "fontSize": 20,
                  "marginVertical": 10,
                }
              }
            >
              abc
            </Component>
            <Component>
              (100.000, -50.000)
            </Component>
          </Component>,
          <TextInput
            allowFontScaling={true}
            maxLength={100}
            onChangeText={[Function]}
            onSubmitEditing={[Function]}
            style={
              Object {
                "alignSelf": "center",
                "borderWidth": 0.5,
                "marginTop": 15,
                "width": 562.5,
              }
            }
            underlineColorAndroid="transparent"
            value=""
          />,
        ],
        "enabled": true,
        "keyboardVerticalOffset": 20,
        "style": Object {
          "alignItems": "center",
          "justifyContent": "center",
        },
      },
      "ref": null,
      "rendered": Array [
        Object {
          "instance": null,
          "key": undefined,
          "nodeType": "class",
          "props": Object {
            "children": Array [
              <TouchableOpacity
                activeOpacity={0.2}
                onPress={[Function]}
              >
                <Component
                  source={
                    Object {
                      "uri": "https://encrypted-tbn0.gstatic.com/images?q=tbn:ANd9GcTvcR7jOw6QgU4xl7JJwTULxSZoFQ4Qj3GkDX01eQZ72ATmmO1K",
                    }
                  }
                  style={
                    Object {
                      "height": 487.5,
                      "width": 487.5,
                    }
                  }
                />
              </TouchableOpacity>,
              <Component
                style={
                  Object {
                    "flexWrap": "wrap",
                    "fontSize": 20,
                    "marginVertical": 10,
                  }
                }
              >
                abc
              </Component>,
              <Component>
                (100.000, -50.000)
              </Component>,
            ],
            "style": Object {
              "alignItems": "center",
              "justifyContent": "center",
            },
          },
          "ref": null,
          "rendered": Array [
            Object {
              "instance": null,
              "key": undefined,
              "nodeType": "class",
              "props": Object {
                "activeOpacity": 0.2,
                "children": <Component
                  source={
                    Object {
                      "uri": "https://encrypted-tbn0.gstatic.com/images?q=tbn:ANd9GcTvcR7jOw6QgU4xl7JJwTULxSZoFQ4Qj3GkDX01eQZ72ATmmO1K",
                    }
                  }
                  style={
                    Object {
                      "height": 487.5,
                      "width": 487.5,
                    }
                  }
                />,
                "onPress": [Function],
              },
              "ref": null,
              "rendered": Object {
                "instance": null,
                "key": undefined,
                "nodeType": "class",
                "props": Object {
                  "source": Object {
                    "uri": "https://encrypted-tbn0.gstatic.com/images?q=tbn:ANd9GcTvcR7jOw6QgU4xl7JJwTULxSZoFQ4Qj3GkDX01eQZ72ATmmO1K",
                  },
                  "style": Object {
                    "height": 487.5,
                    "width": 487.5,
                  },
                },
                "ref": null,
                "rendered": null,
                "type": [Function],
              },
              "type": [Function],
            },
            Object {
              "instance": null,
              "key": undefined,
              "nodeType": "class",
              "props": Object {
                "children": "abc",
                "style": Object {
                  "flexWrap": "wrap",
                  "fontSize": 20,
                  "marginVertical": 10,
                },
              },
              "ref": null,
              "rendered": "abc",
              "type": [Function],
            },
            Object {
              "instance": null,
              "key": undefined,
              "nodeType": "class",
              "props": Object {
                "children": "(100.000, -50.000)",
                "style": undefined,
              },
              "ref": null,
              "rendered": "(100.000, -50.000)",
              "type": [Function],
            },
          ],
          "type": [Function],
        },
        Object {
          "instance": null,
          "key": undefined,
          "nodeType": "class",
          "props": Object {
            "allowFontScaling": true,
            "maxLength": 100,
            "onChangeText": [Function],
            "onSubmitEditing": [Function],
            "style": Object {
              "alignSelf": "center",
              "borderWidth": 0.5,
              "marginTop": 15,
              "width": 562.5,
            },
            "underlineColorAndroid": "transparent",
            "value": "",
          },
          "ref": null,
          "rendered": null,
          "type": [Function],
        },
      ],
      "type": [Function],
    },
    "type": [Function],
  },
  Symbol(enzyme.__nodes__): Array [
    Object {
      "instance": null,
      "key": undefined,
      "nodeType": "class",
      "props": Object {
        "children": <KeyboardAvoidingView
          behavior="position"
          enabled={true}
          keyboardVerticalOffset={20}
          style={
            Object {
              "alignItems": "center",
              "justifyContent": "center",
            }
          }
        >
          <Component
            style={
              Object {
                "alignItems": "center",
                "justifyContent": "center",
              }
            }
          >
            <TouchableOpacity
              activeOpacity={0.2}
              onPress={[Function]}
            >
              <Component
                source={
                  Object {
                    "uri": "https://encrypted-tbn0.gstatic.com/images?q=tbn:ANd9GcTvcR7jOw6QgU4xl7JJwTULxSZoFQ4Qj3GkDX01eQZ72ATmmO1K",
                  }
                }
                style={
                  Object {
                    "height": 487.5,
                    "width": 487.5,
                  }
                }
              />
            </TouchableOpacity>
            <Component
              style={
                Object {
                  "flexWrap": "wrap",
                  "fontSize": 20,
                  "marginVertical": 10,
                }
              }
            >
              abc
            </Component>
            <Component>
              (100.000, -50.000)
            </Component>
          </Component>
          <TextInput
            allowFontScaling={true}
            maxLength={100}
            onChangeText={[Function]}
            onSubmitEditing={[Function]}
            style={
              Object {
                "alignSelf": "center",
                "borderWidth": 0.5,
                "marginTop": 15,
                "width": 562.5,
              }
            }
            underlineColorAndroid="transparent"
            value=""
          />
        </KeyboardAvoidingView>,
        "style": Array [
          Object {
            "backgroundColor": "#F5FCFF",
            "flex": 1,
          },
          Object {
            "alignItems": "center",
            "justifyContent": "center",
          },
        ],
      },
      "ref": null,
      "rendered": Object {
        "instance": null,
        "key": undefined,
        "nodeType": "class",
        "props": Object {
          "behavior": "position",
          "children": Array [
            <Component
              style={
                Object {
                  "alignItems": "center",
                  "justifyContent": "center",
                }
              }
            >
              <TouchableOpacity
                activeOpacity={0.2}
                onPress={[Function]}
              >
                <Component
                  source={
                    Object {
                      "uri": "https://encrypted-tbn0.gstatic.com/images?q=tbn:ANd9GcTvcR7jOw6QgU4xl7JJwTULxSZoFQ4Qj3GkDX01eQZ72ATmmO1K",
                    }
                  }
                  style={
                    Object {
                      "height": 487.5,
                      "width": 487.5,
                    }
                  }
                />
              </TouchableOpacity>
              <Component
                style={
                  Object {
                    "flexWrap": "wrap",
                    "fontSize": 20,
                    "marginVertical": 10,
                  }
                }
              >
                abc
              </Component>
              <Component>
                (100.000, -50.000)
              </Component>
            </Component>,
            <TextInput
              allowFontScaling={true}
              maxLength={100}
              onChangeText={[Function]}
              onSubmitEditing={[Function]}
              style={
                Object {
                  "alignSelf": "center",
                  "borderWidth": 0.5,
                  "marginTop": 15,
                  "width": 562.5,
                }
              }
              underlineColorAndroid="transparent"
              value=""
            />,
          ],
          "enabled": true,
          "keyboardVerticalOffset": 20,
          "style": Object {
            "alignItems": "center",
            "justifyContent": "center",
          },
        },
        "ref": null,
        "rendered": Array [
          Object {
            "instance": null,
            "key": undefined,
            "nodeType": "class",
            "props": Object {
              "children": Array [
                <TouchableOpacity
                  activeOpacity={0.2}
                  onPress={[Function]}
                >
                  <Component
                    source={
                      Object {
                        "uri": "https://encrypted-tbn0.gstatic.com/images?q=tbn:ANd9GcTvcR7jOw6QgU4xl7JJwTULxSZoFQ4Qj3GkDX01eQZ72ATmmO1K",
                      }
                    }
                    style={
                      Object {
                        "height": 487.5,
                        "width": 487.5,
                      }
                    }
                  />
                </TouchableOpacity>,
                <Component
                  style={
                    Object {
                      "flexWrap": "wrap",
                      "fontSize": 20,
                      "marginVertical": 10,
                    }
                  }
                >
                  abc
                </Component>,
                <Component>
                  (100.000, -50.000)
                </Component>,
              ],
              "style": Object {
                "alignItems": "center",
                "justifyContent": "center",
              },
            },
            "ref": null,
            "rendered": Array [
              Object {
                "instance": null,
                "key": undefined,
                "nodeType": "class",
                "props": Object {
                  "activeOpacity": 0.2,
                  "children": <Component
                    source={
                      Object {
                        "uri": "https://encrypted-tbn0.gstatic.com/images?q=tbn:ANd9GcTvcR7jOw6QgU4xl7JJwTULxSZoFQ4Qj3GkDX01eQZ72ATmmO1K",
                      }
                    }
                    style={
                      Object {
                        "height": 487.5,
                        "width": 487.5,
                      }
                    }
                  />,
                  "onPress": [Function],
                },
                "ref": null,
                "rendered": Object {
                  "instance": null,
                  "key": undefined,
                  "nodeType": "class",
                  "props": Object {
                    "source": Object {
                      "uri": "https://encrypted-tbn0.gstatic.com/images?q=tbn:ANd9GcTvcR7jOw6QgU4xl7JJwTULxSZoFQ4Qj3GkDX01eQZ72ATmmO1K",
                    },
                    "style": Object {
                      "height": 487.5,
                      "width": 487.5,
                    },
                  },
                  "ref": null,
                  "rendered": null,
                  "type": [Function],
                },
                "type": [Function],
              },
              Object {
                "instance": null,
                "key": undefined,
                "nodeType": "class",
                "props": Object {
                  "children": "abc",
                  "style": Object {
                    "flexWrap": "wrap",
                    "fontSize": 20,
                    "marginVertical": 10,
                  },
                },
                "ref": null,
                "rendered": "abc",
                "type": [Function],
              },
              Object {
                "instance": null,
                "key": undefined,
                "nodeType": "class",
                "props": Object {
                  "children": "(100.000, -50.000)",
                  "style": undefined,
                },
                "ref": null,
                "rendered": "(100.000, -50.000)",
                "type": [Function],
              },
            ],
            "type": [Function],
          },
          Object {
            "instance": null,
            "key": undefined,
            "nodeType": "class",
            "props": Object {
              "allowFontScaling": true,
              "maxLength": 100,
              "onChangeText": [Function],
              "onSubmitEditing": [Function],
              "style": Object {
                "alignSelf": "center",
                "borderWidth": 0.5,
                "marginTop": 15,
                "width": 562.5,
              },
              "underlineColorAndroid": "transparent",
              "value": "",
            },
            "ref": null,
            "rendered": null,
            "type": [Function],
          },
        ],
        "type": [Function],
      },
      "type": [Function],
    },
  ],
  Symbol(enzyme.__options__): Object {
    "adapter": ReactSixteenAdapter {
      "options": Object {
        "enableComponentDidUpdateOnSetState": true,
        "lifecycles": Object {
          "componentDidUpdate": Object {
            "onSetState": true,
          },
          "getDerivedStateFromProps": true,
          "getSnapshotBeforeUpdate": true,
          "setState": Object {
            "skipsComponentDidUpdateOnNullish": true,
          },
        },
      },
    },
  },
}
`;

exports[`App renders Hello World text on mount 1`] = `
<View
  style={
    Array [
      Object {
        "backgroundColor": "#F5FCFF",
        "flex": 1,
      },
      Object {
        "alignItems": "center",
        "justifyContent": "center",
      },
    ]
  }
>
  <View
    onLayout={[Function]}
    style={
      Object {
        "alignItems": "center",
        "justifyContent": "center",
      }
    }
  >
    <View
      style={
        Object {
          "bottom": 0,
        }
      }
    >
      <View
        accessible={true}
        isTVSelectable={true}
        onResponderGrant={[Function]}
        onResponderMove={[Function]}
        onResponderRelease={[Function]}
        onResponderTerminate={[Function]}
        onResponderTerminationRequest={[Function]}
        onStartShouldSetResponder={[Function]}
        style={
          Object {
            "opacity": 1,
          }
        }
      >
        <Text
          style={
            Object {
              "fontSize": 50,
              "textAlign": "center",
            }
          }
        >
          Hello World!
        </Text>
      </View>
    </View>
  </View>
</View>
`;
